// Jest Snapshot v1, https://goo.gl/fbAQLP

exports[`Match Snapshot for range facets 1`] = `
Array [
  <div
    className="UNX-selectedFacets__container"
  >
    <div
      className="UNX-selectedFacets__list"
    >
      <div
        className="UNX-selectedFacets__item"
        onClick={[Function]}
      >
        <span>
          $
           
          200
           - 
          $
           
          300
        </span>
         x
      </div>
    </div>
  </div>,
  <div
    className="UNX-rangefacet__container"
  >
    <div
      className="UNX-facet__element open"
    >
      <div
        className="UNX-facet__headerContainer"
      >
        <div
          className="UNX-facet__header"
        >
          FILTER BY PRICE
          <span
            className="-collapse-icon"
            data-unx_name="price"
            onClick={[Function]}
          />
        </div>
      </div>
      <div
        className="UNX-facet__list "
      >
        <div
          className="UNX-facet__item "
          data-testid="UNX_rangeFacet__facetItem"
          onClick={[Function]}
        >
          $
           
          0
           - 
          $
           
          100
           - 
          21
        </div>
        <div
          className="UNX-facet__item "
          data-testid="UNX_rangeFacet__facetItem"
          onClick={[Function]}
        >
          $
           
          100
           - 
          $
           
          200
           - 
          18
        </div>
        <div
          className="UNX-facet__item -selected"
          data-testid="UNX_rangeFacet__facetItem"
          onClick={[Function]}
        >
          $
           
          200
           - 
          $
           
          300
           - 
          60
        </div>
        <div
          className="UNX-facet__item "
          data-testid="UNX_rangeFacet__facetItem"
          onClick={[Function]}
        >
          $
           
          300
           - 
          $
           
          400
           - 
          38
        </div>
        <div
          className="UNX-facet__item "
          data-testid="UNX_rangeFacet__facetItem"
          onClick={[Function]}
        >
          $
           
          400
           - 
          $
           
          600
           - 
          13
        </div>
        <div
          className="UNX-facet__item "
          data-testid="UNX_rangeFacet__facetItem"
          onClick={[Function]}
        >
          $
           
          600
           - 
          $
           
          700
           - 
          1
        </div>
        <div
          className="UNX-facet__item "
          data-testid="UNX_rangeFacet__facetItem"
          onClick={[Function]}
        >
          $
           
          700
           - 
          $
           
          900
           - 
          4
        </div>
        <div
          className="UNX-facet__item "
          data-testid="UNX_rangeFacet__facetItem"
          onClick={[Function]}
        >
          $
           
          900
           - 
          $
           
          1000
           - 
          3
        </div>
        <div
          className="UNX-facet__item "
          data-testid="UNX_rangeFacet__facetItem"
          onClick={[Function]}
        >
          $
           
          1000
           - 
          $
           
          1100
           - 
          1
        </div>
      </div>
      <div
        className="-clear"
        data-unx_facetname="price"
        onClick={[Function]}
      >
        Clear
      </div>
    </div>
  </div>,
  <div>
    <div
      className="UNX-products__container"
    >
      <div
        className="UNX-products__list -grid grid-cols-4"
      >
        <div
          className="UNX-productCard__container"
        >
          <a
            className="UNX-product-card UNX-grid-card"
            href="https://www.wildearth.com.au/buy/vasque-breeze-all-terrain-gtx-mens-hiking-boots-br/V7040W"
            onClick={[Function]}
          >
            <img
              className="-image"
              src="https://www.wildearth.com.au/assets/full/V7040W.jpg"
            />
          </a>
          <div
            className="UNX-swatch__container"
          />
          <div
            className="-details"
          >
            <div
              className="-title"
            >
              Vasque Breeze All-Terrain GTX Mens Hiking Boots - Brown Olive/Bossa Nova
            </div>
            <div
              className="-price"
            >
              <span
                className="-strike"
              >
                $
                369.99
                 
              </span>
            </div>
          </div>
        </div>
        <div
          className="UNX-productCard__container"
        >
          <a
            className="UNX-product-card UNX-grid-card"
            href="https://www.wildearth.com.au/buy/vasque-breeze-all-terrain-gtx-womens-hiking-boots/V7023W"
            onClick={[Function]}
          >
            <img
              className="-image"
              src="https://www.wildearth.com.au/assets/full/V7023W.jpg"
            />
          </a>
          <div
            className="UNX-swatch__container"
          />
          <div
            className="-details"
          >
            <div
              className="-title"
            >
              Vasque Breeze All-Terrain GTX Womens Hiking Boots - Gargyle
            </div>
            <div
              className="-price"
            >
              <span
                className="-strike"
              >
                $
                369.99
                 
              </span>
            </div>
          </div>
        </div>
        <div
          className="UNX-productCard__container"
        >
          <a
            className="UNX-product-card UNX-grid-card"
            href="https://www.wildearth.com.au/buy/scarpa-phantom-6000-mountaineering-boots-black-ora/SCA40017-BlackOrange"
            onClick={[Function]}
          >
            <img
              className="-image"
              src="https://www.wildearth.com.au/assets/full/SCA40017-BlackOrange.jpg"
            />
          </a>
          <div
            className="UNX-swatch__container"
          />
          <div
            className="-details"
          >
            <div
              className="-title"
            >
              Scarpa Phantom 6000 Unisex Waterproof Mountaineering Boots
            </div>
            <div
              className="-price"
            >
              <span
                className="-strike"
              >
                $
                1099.95
                 
              </span>
            </div>
          </div>
        </div>
        <div
          className="UNX-productCard__container"
        >
          <a
            className="UNX-product-card UNX-grid-card"
            href="https://www.wildearth.com.au/buy/scarpa-mont-blanc-pro-gtx-goretex-mountaineering-b/SCA40013"
            onClick={[Function]}
          >
            <img
              className="-image"
              src="https://www.wildearth.com.au/assets/full/SCA40013.jpg"
            />
          </a>
          <div
            className="UNX-swatch__container"
          />
          <div
            className="-details"
          >
            <div
              className="-title"
            >
              Scarpa Mont Blanc Pro GTX Goretex Unisex Mountaineering Boots
            </div>
            <div
              className="-price"
            >
              <span
                className="-strike"
              >
                $
                749.95
                 
              </span>
            </div>
          </div>
        </div>
        <div
          className="UNX-productCard__container"
        >
          <a
            className="UNX-product-card UNX-grid-card"
            href="https://www.wildearth.com.au/buy/scarpa-terra-gtx-unisex-shoes-brown/SCA00108"
            onClick={[Function]}
          >
            <img
              className="-image"
              src="https://www.wildearth.com.au/assets/full/SCA00108.jpg"
            />
          </a>
          <div
            className="UNX-swatch__container"
          />
          <div
            className="-details"
          >
            <div
              className="-title"
            >
              Scarpa Terra Goretex Unisex Waterproof Hiking Boots - Brown
            </div>
            <div
              className="-price"
            >
              <span
                className="-strike"
              >
                $
                349.95
                 
              </span>
            </div>
          </div>
        </div>
        <div
          className="UNX-productCard__container"
        >
          <a
            className="UNX-product-card UNX-grid-card"
            href="https://www.wildearth.com.au/buy/scarpa-delta-leather-fly-mens-hiking-boots-mens-hi/SCA00090"
            onClick={[Function]}
          >
            <img
              className="-image"
              src="https://www.wildearth.com.au/assets/full/SCA00090.jpg"
            />
          </a>
          <div
            className="UNX-swatch__container"
          />
          <div
            className="-details"
          >
            <div
              className="-title"
            >
              Scarpa Delta Leather Fly Mens Waterproof Hiking Boots - T.Di Moro
            </div>
            <div
              className="-price"
            >
              <span
                className="-strike"
              >
                $
                399.95
                 
              </span>
            </div>
          </div>
        </div>
        <div
          className="UNX-productCard__container"
        >
          <a
            className="UNX-product-card UNX-grid-card"
            href="https://www.wildearth.com.au/buy/scarpa-delta-womens-leather-waterproof-hiking-boot/SCA00065"
            onClick={[Function]}
          >
            <img
              className="-image"
              src="https://www.wildearth.com.au/assets/full/SCA00065.jpg"
            />
          </a>
          <div
            className="UNX-swatch__container"
          />
          <div
            className="-details"
          >
            <div
              className="-title"
            >
              Scarpa Delta Womens Goretex Waterproof Leather Hiking Boots
            </div>
            <div
              className="-price"
            >
              <span
                className="-strike"
              >
                $
                499.95
                 
              </span>
            </div>
          </div>
        </div>
        <div
          className="UNX-productCard__container"
        >
          <a
            className="UNX-product-card UNX-grid-card"
            href="https://www.wildearth.com.au/buy/salomon-quest-prime-gtx-womens-hiking-boots-ebony/411299"
            onClick={[Function]}
          >
            <img
              className="-image"
              src="https://www.wildearth.com.au/assets/full/411299.jpg"
            />
          </a>
          <div
            className="UNX-swatch__container"
          />
          <div
            className="-details"
          >
            <div
              className="-title"
            >
              Salomon Quest Prime GTX Womens Hiking Boots - Ebony/Black/Icy Morn
            </div>
            <div
              className="-price"
            >
              <span
                className="-strike"
              >
                $
                299.99
                 
              </span>
            </div>
          </div>
        </div>
        <div
          className="UNX-productCard__container"
        >
          <a
            className="UNX-product-card UNX-grid-card"
            href="https://www.wildearth.com.au/buy/salomon-outblast-ts-cswp-mens-hiking-boots-black-b/409223"
            onClick={[Function]}
          >
            <img
              className="-image"
              src="https://www.wildearth.com.au/assets/full/409223.jpg"
            />
          </a>
          <div
            className="UNX-swatch__container"
          />
          <div
            className="-details"
          >
            <div
              className="-title"
            >
              Salomon OUTblast TS CSWP Mens Hiking Boots - Black/Black/Black
            </div>
            <div
              className="-price"
            >
              <span
                className="-strike"
              >
                $
                259.99
                 
              </span>
            </div>
          </div>
        </div>
        <div
          className="UNX-productCard__container"
        >
          <a
            className="UNX-product-card UNX-grid-card"
            href="https://www.wildearth.com.au/buy/salomon-quest-prime-gtx-mens-hiking-shoes-phantom/404637"
            onClick={[Function]}
          >
            <img
              className="-image"
              src="https://www.wildearth.com.au/assets/full/404637.jpg"
            />
          </a>
          <div
            className="UNX-swatch__container"
          />
          <div
            className="-details"
          >
            <div
              className="-title"
            >
              Salomon Quest Prime Goretex Mens Waterproof Hiking Boots - Phantom/Black/Quiet Shade
            </div>
            <div
              className="-price"
            >
              <span
                className="-strike"
              >
                $
                299.99
                 
              </span>
            </div>
          </div>
        </div>
      </div>
    </div>
  </div>,
  <div>
    <div
      className="UNX-searchbox__container"
    >
      <form
        onSubmit={[Function]}
      >
        <input
          className="UNX-searchbox__input"
          onChange={[Function]}
          placeholder=""
          value="boots"
        />
        <button
          className="UNX-searchbox__button"
          type="submit"
        >
          Search
        </button>
      </form>
    </div>
  </div>,
]
`;
