// Jest Snapshot v1, https://goo.gl/fbAQLP

exports[`Match Snapshot for breadcrumbs 1`] = `
Array [
  <div
    className="UNX-breadcrumbs__container"
  >
    <div
      className="UNX-breadcrumbs__list"
    />
  </div>,
  <div
    className="UNX-breadcrumbs__container"
  >
    <div
      className="UNX-breadcrumbs__list"
    />
  </div>,
  <div>
    <div
      className="UNX-products__container"
    >
      <div
        className="UNX-products__list -grid grid-cols-4"
      >
        <div
          className="UNX-productCard__container"
        >
          <a
            className="UNX-product-card UNX-grid-card"
            data-prank={1}
            data-uniqueid="T624835"
            onClick={[Function]}
          >
            <img
              className="-image"
              data-prank={1}
              data-uniqueid="T624835"
            />
          </a>
          <div
            className="UNX-swatch__container"
          >
            <div
              className="UNX-swatch__list"
            />
          </div>
          <div
            className="-details"
          >
            <div
              className="-title"
              data-prank={1}
              data-uniqueid="T624835"
            />
            <div
              className="-price"
              data-prank={1}
              data-uniqueid="T624835"
            />
          </div>
        </div>
        <div
          className="UNX-productCard__container"
        >
          <a
            className="UNX-product-card UNX-grid-card"
            data-prank={2}
            data-uniqueid="T624611"
            onClick={[Function]}
          >
            <img
              className="-image"
              data-prank={2}
              data-uniqueid="T624611"
            />
          </a>
          <div
            className="UNX-swatch__container"
          >
            <div
              className="UNX-swatch__list"
            />
          </div>
          <div
            className="-details"
          >
            <div
              className="-title"
              data-prank={2}
              data-uniqueid="T624611"
            />
            <div
              className="-price"
              data-prank={2}
              data-uniqueid="T624611"
            />
          </div>
        </div>
        <div
          className="UNX-productCard__container"
        >
          <a
            className="UNX-product-card UNX-grid-card"
            data-prank={3}
            data-uniqueid="T624610"
            onClick={[Function]}
          >
            <img
              className="-image"
              data-prank={3}
              data-uniqueid="T624610"
            />
          </a>
          <div
            className="UNX-swatch__container"
          >
            <div
              className="UNX-swatch__list"
            />
          </div>
          <div
            className="-details"
          >
            <div
              className="-title"
              data-prank={3}
              data-uniqueid="T624610"
            />
            <div
              className="-price"
              data-prank={3}
              data-uniqueid="T624610"
            />
          </div>
        </div>
        <div
          className="UNX-productCard__container"
        >
          <a
            className="UNX-product-card UNX-grid-card"
            data-prank={4}
            data-uniqueid="T624604"
            onClick={[Function]}
          >
            <img
              className="-image"
              data-prank={4}
              data-uniqueid="T624604"
            />
          </a>
          <div
            className="UNX-swatch__container"
          >
            <div
              className="UNX-swatch__list"
            />
          </div>
          <div
            className="-details"
          >
            <div
              className="-title"
              data-prank={4}
              data-uniqueid="T624604"
            />
            <div
              className="-price"
              data-prank={4}
              data-uniqueid="T624604"
            />
          </div>
        </div>
        <div
          className="UNX-productCard__container"
        >
          <a
            className="UNX-product-card UNX-grid-card"
            data-prank={5}
            data-uniqueid="T623252"
            onClick={[Function]}
          >
            <img
              className="-image"
              data-prank={5}
              data-uniqueid="T623252"
            />
          </a>
          <div
            className="UNX-swatch__container"
          >
            <div
              className="UNX-swatch__list"
            />
          </div>
          <div
            className="-details"
          >
            <div
              className="-title"
              data-prank={5}
              data-uniqueid="T623252"
            />
            <div
              className="-price"
              data-prank={5}
              data-uniqueid="T623252"
            />
          </div>
        </div>
        <div
          className="UNX-productCard__container"
        >
          <a
            className="UNX-product-card UNX-grid-card"
            data-prank={6}
            data-uniqueid="T613177"
            onClick={[Function]}
          >
            <img
              className="-image"
              data-prank={6}
              data-uniqueid="T613177"
            />
          </a>
          <div
            className="UNX-swatch__container"
          >
            <div
              className="UNX-swatch__list"
            />
          </div>
          <div
            className="-details"
          >
            <div
              className="-title"
              data-prank={6}
              data-uniqueid="T613177"
            />
            <div
              className="-price"
              data-prank={6}
              data-uniqueid="T613177"
            />
          </div>
        </div>
        <div
          className="UNX-productCard__container"
        >
          <a
            className="UNX-product-card UNX-grid-card"
            data-prank={7}
            data-uniqueid="T613176"
            onClick={[Function]}
          >
            <img
              className="-image"
              data-prank={7}
              data-uniqueid="T613176"
            />
          </a>
          <div
            className="UNX-swatch__container"
          >
            <div
              className="UNX-swatch__list"
            />
          </div>
          <div
            className="-details"
          >
            <div
              className="-title"
              data-prank={7}
              data-uniqueid="T613176"
            />
            <div
              className="-price"
              data-prank={7}
              data-uniqueid="T613176"
            />
          </div>
        </div>
        <div
          className="UNX-productCard__container"
        >
          <a
            className="UNX-product-card UNX-grid-card"
            data-prank={8}
            data-uniqueid="ABI"
            onClick={[Function]}
          >
            <img
              className="-image"
              data-prank={8}
              data-uniqueid="ABI"
            />
          </a>
          <div
            className="UNX-swatch__container"
          >
            <div
              className="UNX-swatch__list"
            />
          </div>
          <div
            className="-details"
          >
            <div
              className="-title"
              data-prank={8}
              data-uniqueid="ABI"
            />
            <div
              className="-price"
              data-prank={8}
              data-uniqueid="ABI"
            />
          </div>
        </div>
        <div
          className="UNX-productCard__container"
        >
          <a
            className="UNX-product-card UNX-grid-card"
            data-prank={9}
            data-uniqueid="AACA"
            onClick={[Function]}
          >
            <img
              className="-image"
              data-prank={9}
              data-uniqueid="AACA"
            />
          </a>
          <div
            className="UNX-swatch__container"
          >
            <div
              className="UNX-swatch__list"
            />
          </div>
          <div
            className="-details"
          >
            <div
              className="-title"
              data-prank={9}
              data-uniqueid="AACA"
            />
            <div
              className="-price"
              data-prank={9}
              data-uniqueid="AACA"
            />
          </div>
        </div>
        <div
          className="UNX-productCard__container"
        >
          <a
            className="UNX-product-card UNX-grid-card"
            data-prank={10}
            data-uniqueid="710010105"
            onClick={[Function]}
          >
            <img
              className="-image"
              data-prank={10}
              data-uniqueid="710010105"
            />
          </a>
          <div
            className="UNX-swatch__container"
          >
            <div
              className="UNX-swatch__list"
            />
          </div>
          <div
            className="-details"
          >
            <div
              className="-title"
              data-prank={10}
              data-uniqueid="710010105"
            />
            <div
              className="-price"
              data-prank={10}
              data-uniqueid="710010105"
            />
          </div>
        </div>
      </div>
    </div>
  </div>,
  <div>
    <div
      className="UNX-searchbox__container"
    >
      <form
        onSubmit={[Function]}
      >
        <input
          className="UNX-searchbox__input"
          onChange={[Function]}
          placeholder=""
          value="*"
        />
        <button
          className="UNX-searchbox__button"
          type="submit"
        >
          Search
        </button>
      </form>
    </div>
  </div>,
]
`;
